---
http_interactions:
- request:
    method: get
    uri: https://<IMPORT_FRESHDESK_ENDPOINT_SUBDOMAIN>.freshdesk.com/api/v2/contacts
    body:
      encoding: US-ASCII
      string: ''
    headers:
      Accept-Encoding:
      - gzip;q=1.0,deflate;q=0.6,identity;q=0.3
      Accept:
      - "*/*"
      User-Agent:
      - Zammad User Agent
      Host:
      - "<IMPORT_FRESHDESK_ENDPOINT_SUBDOMAIN>.freshdesk.com"
  response:
    status:
      code: 401
      message: Unauthorized
    headers:
      Date:
      - Thu, 08 Jul 2021 07:13:15 GMT
      Content-Type:
      - application/json; charset=utf-8
      Transfer-Encoding:
      - chunked
      Connection:
      - keep-alive
      Status:
      - 401 Unauthorized
      X-Request-Id:
      - cb5991d7-c523-4b8d-9aa5-654518a3d106
      X-Freshdesk-Api-Version:
      - latest=v2; requested=v2
      X-Rack-Cache:
      - miss
      Cache-Control:
      - no-cache
      X-Xss-Protection:
      - 1; mode=block
      X-Ua-Compatible:
      - IE=Edge,chrome=1
      X-Content-Type-Options:
      - nosniff
      Set-Cookie:
      - _x_w=5_2; path=/; HttpOnly; secure
      X-Fw-Ratelimiting-Managed:
      - 'true'
      X-Ratelimit-Total:
      - '40'
      X-Ratelimit-Remaining:
      - '39'
      X-Ratelimit-Used-Currentrequest:
      - '1'
      X-Envoy-Upstream-Service-Time:
      - '36'
      X-Trace-Id:
      - 00-07128ef433d8817fed03fc710d5b716d-d50767567ca84980-00
      Server:
      - fwe
    body:
      encoding: UTF-8
      string: '{"code":"invalid_credentials","message":"You have to be logged in to
        perform this action."}'
    http_version:
  recorded_at: Thu, 08 Jul 2021 07:13:15 GMT
- request:
    method: get
    uri: https://<IMPORT_FRESHDESK_ENDPOINT_SUBDOMAIN>.freshdesk.com/api/v2/agents/me
    body:
      encoding: US-ASCII
      string: ''
    headers:
      Content-Type:
      - application/json
      Accept-Encoding:
      - gzip;q=1.0,deflate;q=0.6,identity;q=0.3
      Accept:
      - "*/*"
      User-Agent:
      - Ruby
      Host:
      - "<IMPORT_FRESHDESK_ENDPOINT_SUBDOMAIN>.freshdesk.com"
      Authorization:
      - Basic MW52NGwxZFQwSzNOOlg=
  response:
    status:
      code: 401
      message: Unauthorized
    headers:
      Date:
      - Thu, 08 Jul 2021 07:13:16 GMT
      Content-Type:
      - application/json; charset=utf-8
      Transfer-Encoding:
      - chunked
      Connection:
      - keep-alive
      Status:
      - 401 Unauthorized
      X-Request-Id:
      - 30b682a9-4fbd-469d-a246-e68c5be1b018
      X-Freshdesk-Api-Version:
      - latest=v2; requested=v2
      X-Rack-Cache:
      - miss
      Cache-Control:
      - no-cache, private
      X-Xss-Protection:
      - 1; mode=block
      X-Ua-Compatible:
      - IE=Edge,chrome=1
      X-Content-Type-Options:
      - nosniff
      Set-Cookie:
      - _x_w=5_2; path=/; HttpOnly; secure
      X-Fw-Ratelimiting-Managed:
      - 'true'
      X-Ratelimit-Total:
      - '100'
      X-Ratelimit-Remaining:
      - '98'
      X-Ratelimit-Used-Currentrequest:
      - '1'
      X-Envoy-Upstream-Service-Time:
      - '43'
      X-Trace-Id:
      - 00-a01f680978babe30e459806543872680-6bd831dc8dd77449-00
      Server:
      - fwe
    body:
      encoding: UTF-8
      string: '{"code":"invalid_credentials","message":"You have to be logged in to
        perform this action."}'
    http_version:
  recorded_at: Thu, 08 Jul 2021 07:13:16 GMT
- request:
    method: get
    uri: https://<IMPORT_FRESHDESK_ENDPOINT_SUBDOMAIN>.freshdesk.com/api/v2/agents/me
    body:
      encoding: US-ASCII
      string: ''
    headers:
      Content-Type:
      - application/json
      Accept-Encoding:
      - gzip;q=1.0,deflate;q=0.6,identity;q=0.3
      Accept:
      - "*/*"
      User-Agent:
      - Ruby
      Host:
      - "<IMPORT_FRESHDESK_ENDPOINT_SUBDOMAIN>.freshdesk.com"
      Authorization:
      - Basic MW52NGwxZFQwSzNOOlg=
  response:
    status:
      code: 401
      message: Unauthorized
    headers:
      Date:
      - Thu, 08 Jul 2021 07:13:16 GMT
      Content-Type:
      - application/json; charset=utf-8
      Transfer-Encoding:
      - chunked
      Connection:
      - keep-alive
      Status:
      - 401 Unauthorized
      X-Request-Id:
      - 6b37ae8b-dcf7-4454-ab03-1aa36614051c
      X-Freshdesk-Api-Version:
      - latest=v2; requested=v2
      X-Rack-Cache:
      - miss
      Cache-Control:
      - no-cache, private
      X-Xss-Protection:
      - 1; mode=block
      X-Ua-Compatible:
      - IE=Edge,chrome=1
      X-Content-Type-Options:
      - nosniff
      Set-Cookie:
      - _x_w=5_2; path=/; HttpOnly; secure
      X-Fw-Ratelimiting-Managed:
      - 'true'
      X-Ratelimit-Total:
      - '100'
      X-Ratelimit-Remaining:
      - '97'
      X-Ratelimit-Used-Currentrequest:
      - '1'
      X-Envoy-Upstream-Service-Time:
      - '38'
      X-Trace-Id:
      - 00-60bd6d29c615259e5b36079720cbb9c9-222fea3dc878abec-00
      Server:
      - fwe
    body:
      encoding: UTF-8
      string: '{"code":"invalid_credentials","message":"You have to be logged in to
        perform this action."}'
    http_version:
  recorded_at: Thu, 08 Jul 2021 07:13:16 GMT
recorded_with: VCR 4.0.0
